<testsuites id="" name="" tests="1" failures="0" skipped="0" errors="0" time="50.962316">
<testsuite name="self-healing.spec.ts" timestamp="2026-10-04T04:17:59.671Z" hostname="chromium" tests="1" failures="0" skipped="0" time="49.081" errors="0">
<testcase name="Self-Healing Automation System - Comprehensive Verification Suite › Self-Healing Engine - End-to-End Verification of All 19 Capabilities" classname="self-healing.spec.ts" time="49.081">
<system-out>
<![CDATA[
[SELF-HEALING] ================================================================
[SELF-HEALING] INITIATING ELEMENT RECOVERY
[SELF-HEALING] ================================================================
[SELF-HEALING] Test:     Playwright Test
[SELF-HEALING] Page:     GenericPage | Element: FailedPrimaryBtn
[SELF-HEALING] Action:   click
[SELF-HEALING] Primary:  #nonExistentPrimaryId
[SELF-HEALING] Reason:   locator.click: Timeout 1500ms exceeded.
Call log:
[2m  - waiting for locator('#nonExistentPrimaryId')[22m

[SELF-HEALING Primary locator failed. Evaluating candidate fallbacks...
[SELF-HEALING] Attempt [1/1] via [HISTORY] (Confidence: 99%i:
[SELF-HEALING]   Selector: [data-testid="submit-btn"]
[SELF-HEALING] ================================================================
[SELF-HEALING] SUCCESS: ELEMENT SUCCESSFULLY HEALED!
[SELF-HEALING] ================================================================
[SELF-HEALING] Element:         FailedPrimaryBtn
[SELF-HEALING] Healed Selector: [data-testid="submit-btn"]
[SELF-HEALING] Winning Source:  history
[SELF-HEALING] Confidence:      99%
[SELF-HEALING] Total Attempts:  1
[SELF-HEALING] Continuing test execution normally.
[SELF-HEALING] ================================================================


[SELF-HEALING] ================================================================
[SELF-HEALING] INITIATING ELEMENT RECOVERY
[SELF-HEALING] ================================================================
[SELF-HEALING] Test:     Playwright Test
[SELF-HEALING] Page:     GenericPage | Element: FirstFallbackBtn
[SELF-HEALING] Action:   click
[SELF-HEALING] Primary:  #brokenPrimaryId
[SELF-HEALING] Reason:   locator.click: Timeout 1500ms exceeded.
Call log:
[2m  - waiting for locator('#brokenPrimaryId')[22m

[SELF-HEALING Primary locator failed. Evaluating candidate fallbacks...
[SELF-HEALING] Attempt [1/2] via [HISTORY] (Confidence: 99%i:
[SELF-HEALING]   Selector: [data-testid="submit-btn"]
[SELF-HEALING] ================================================================
[SELF-HEALING] SUCCESS: ELEMENT SUCCESSFULLY HEALED!
[SELF-HEALING] ================================================================
[SELF-HEALING] Element:         FirstFallbackBtn
[SELF-HEALING] Healed Selector: [data-testid="submit-btn"]
[SELF-HEALING] Winning Source:  history
[SELF-HEALING] Confidence:      99%
[SELF-HEALING] Total Attempts:  1
[SELF-HEALING] Continuing test execution normally.
[SELF-HEALING] ================================================================


[SELF-HEALING] ================================================================
[SELF-HEALING] INITIATING ELEMENT RECOVERY
[SELF-HEALING] ================================================================
[SELF-HEALING] Test:     Playwright Test
[SELF-HEALING] Page:     GenericPage | Element: SecondFallbackBtn
[SELF-HEALING] Action:   click
[SELF-HEALING] Primary:  #brokenPrimaryId
[SELF-HEALING] Reason:   locator.click: Timeout 1500ms exceeded.
Call log:
[2m  - waiting for locator('#brokenPrimaryId')[22m

[SELF-HEALING Primary locator failed. Evaluating candidate fallbacks...
[SELF-HEALING] Attempt [1/2] via [HISTORY] (Confidence: 99%i:
[SELF-HEALING]   Selector: button[name="secondFallbackBtn"]
[SELF-HEALING] ================================================================
[SELF-HEALING] SUCCESS: ELEMENT SUCCESSFULLY HEALED!
[SELF-HEALING] ================================================================
[SELF-HEALING] Element:         SecondFallbackBtn
[SELF-HEALING] Healed Selector: button[name="secondFallbackBtn"]
[SELF-HEALING] Winning Source:  history
[SELF-HEALING] Confidence:      99%
[SELF-HEALING] Total Attempts:  1
[SELF-HEALING] Continuing test execution normally.
[SELF-HEALING] ================================================================


[SELF-HEALING] ================================================================
[SELF-HEALING] INITIATING ELEMENT RECOVERY
[SELF-HEALING] ================================================================
[SELF-HEALING] Test:     Playwright Test
[SELF-HEALING] Page:     GenericPage | Element: AllFailBtn
[SELF-HEALING] Action:   click
[SELF-HEALING] Primary:  #broken1
[SELF-HEALING] Reason:   locator.click: Timeout 1500ms exceeded.
Call log:
[2m  - waiting for locator('#broken1')[22m

[SELF-HEALING Primary locator failed. Evaluating candidate fallbacks...
[SELF-HEALING] Attempt [1/2] via [REPOSITORY] (Confidence: 90%i:
[SELF-HEALING]   Selector: #broken2
[SELF-HEALING] Attempt [2/2] via [REPOSITORY] (Confidence: 85%i:
[SELF-HEALING]   Selector: #broken3

[SELF-HEALING] ================================================================
[SELF-HEALING] INITIATING ELEMENT RECOVERY
[SELF-HEALING] ================================================================
[SELF-HEALING] Test:     Playwright Test
[SELF-HEALING] Page:     GenericPage | Element: AmbiguousBtn
[SELF-HEALING] Action:   click
[SELF-HEALING] Primary:  #nonExistent
[SELF-HEALING] Reason:   locator.click: Timeout 1500ms exceeded.
Call log:
[2m  - waiting for locator('#nonExistent')[22m

[SELF-HEALING Primary locator failed. Evaluating candidate fallbacks...
[SELF-HEALING] Attempt [1/1] via [REPOSITORY] (Confidence: 90%i:
[SELF-HEALING]   Selector: .duplicate-btn

[SELF-HEALING] ================================================================
[SELF-HEALING] INITIATING ELEMENT RECOVERY
[SELF-HEALING] ================================================================
[SELF-HEALING] Test:     Playwright Test
[SELF-HEALING] Page:     GenericPage | Element: CardBAction
[SELF-HEALING] Action:   click
[SELF-HEALING] Primary:  #brokenCardBButton
[SELF-HEALING] Reason:   locator.click: Timeout 1500ms exceeded.
Call log:
[2m  - waiting for locator('#brokenCardBButton')[22m

[SELF-HEALING Primary locator failed. Evaluating candidate fallbacks...
[SELF-HEALING] Attempt [1/3] via [HISTORY] (Confidence: 99%i:
[SELF-HEALING]   Selector: .action-btn
[SELF-HEALING]   Context:  #cardB
[SELF-HEALING] ================================================================
[SELF-HEALING] SUCCESS: ELEMENT SUCCESSFULLY HEALED!
[SELF-HEALING] ================================================================
[SELF-HEALING] Element:         CardBAction
[SELF-HEALING] Healed Selector: .action-btn
[SELF-HEALING] Winning Source:  history
[SELF-HEALING] Confidence:      99%
[SELF-HEALING] Total Attempts:  1
[SELF-HEALING] Continuing test execution normally.
[SELF-HEALING] ================================================================


[SELF-HEALING] ================================================================
[SELF-HEALING] INITIATING ELEMENT RECOVERY
[SELF-HEALING] ================================================================
[SELF-HEALING] Test:     Playwright Test
[SELF-HEALING] Page:     GenericPage | Element: ClickTargetBtn
[SELF-HEALING] Action:   click
[SELF-HEALING] Primary:  #oldClickButtonId
[SELF-HEALING] Reason:   locator.click: Timeout 1500ms exceeded.
Call log:
[2m  - waiting for locator('#oldClickButtonId')[22m

[SELF-HEALING Primary locator failed. Evaluating candidate fallbacks...
[SELF-HEALING] Attempt [1/1] via [HISTORY] (Confidence: 99%i:
[SELF-HEALING]   Selector: [data-testid="click-target"]
[SELF-HEALING] ================================================================
[SELF-HEALING] SUCCESS: ELEMENT SUCCESSFULLY HEALED!
[SELF-HEALING] ================================================================
[SELF-HEALING] Element:         ClickTargetBtn
[SELF-HEALING] Healed Selector: [data-testid="click-target"]
[SELF-HEALING] Winning Source:  history
[SELF-HEALING] Confidence:      99%
[SELF-HEALING] Total Attempts:  1
[SELF-HEALING] Continuing test execution normally.
[SELF-HEALING] ================================================================


[SELF-HEALING] ================================================================
[SELF-HEALING] INITIATING ELEMENT RECOVERY
[SELF-HEALING] ================================================================
[SELF-HEALING] Test:     Playwright Test
[SELF-HEALING] Page:     GenericPage | Element: EmailInput
[SELF-HEALING] Action:   fill
[SELF-HEALING] Primary:  #oldEmailInput
[SELF-HEALING] Reason:   locator.fill: Timeout 1500ms exceeded.
Call log:
[2m  - waiting for locator('#oldEmailInput')[22m

[SELF-HEALING Primary locator failed. Evaluating candidate fallbacks...
[SELF-HEALING] Attempt [1/1] via [HISTORY] (Confidence: 99%i:
[SELF-HEALING]   Selector: [data-testid="email-field"]
[SELF-HEALING] ================================================================
[SELF-HEALING] SUCCESS: ELEMENT SUCCESSFULLY HEALED!
[SELF-HEALING] ================================================================
[SELF-HEALING] Element:         EmailInput
[SELF-HEALING] Healed Selector: [data-testid="email-field"]
[SELF-HEALING] Winning Source:  history
[SELF-HEALING] Confidence:      99%
[SELF-HEALING] Total Attempts:  1
[SELF-HEALING] Continuing test execution normally.
[SELF-HEALING] ================================================================


[SELF-HEALING] ================================================================
[SELF-HEALING] INITIATING ELEMENT RECOVERY
[SELF-HEALING] ================================================================
[SELF-HEALING] Test:     Playwright Test
[SELF-HEALING] Page:     GenericPage | Element: StatusBadge
[SELF-HEALING] Action:   isVisible
[SELF-HEALING] Primary:  #oldBadgeId
[SELF-HEALING] Reason:   Element is not visible for locator: #oldBadgeId
[SELF-HEALING Primary locator failed. Evaluating candidate fallbacks...
[SELF-HEALING] Attempt [1/1] via [HISTORY] (Confidence: 99%i:
[SELF-HEALING]   Selector: [data-testid="visible-badge"]
[SELF-HEALING] ================================================================
[SELF-HEALING] SUCCESS: ELEMENT SUCCESSFULLY HEALED!
[SELF-HEALING] ================================================================
[SELF-HEALING] Element:         StatusBadge
[SELF-HEALING] Healed Selector: [data-testid="visible-badge"]
[SELF-HEALING] Winning Source:  history
[SELF-HEALING] Confidence:      99%
[SELF-HEALING] Total Attempts:  1
[SELF-HEALING] Continuing test execution normally.
[SELF-HEALING] ================================================================


[SELF-HEALING] ================================================================
[SELF-HEALING] INITIATING ELEMENT RECOVERY
[SELF-HEALING] ================================================================
[SELF-HEALING] Test:     Playwright Test
[SELF-HEALING] Page:     GenericPage | Element: DisabledBtn
[SELF-HEALING] Action:   click
[SELF-HEALING] Primary:  #brokenDisabledId
[SELF-HEALING] Reason:   locator.click: Timeout 1500ms exceeded.
Call log:
[2m  - waiting for locator('#brokenDisabledId')[22m

[SELF-HEALING Primary locator failed. Evaluating candidate fallbacks...
[SELF-HEALING] Attempt [1/1] via [REPOSITORY] (Confidence: 90%i:
[SELF-HEALING]   Selector: #disabledButton

[SELF-HEALING] ================================================================
[SELF-HEALING] INITIATING ELEMENT RECOVERY
[SELF-HEALING] ================================================================
[SELF-HEALING] Test:     Playwright Test
[SELF-HEALING] Page:     GenericPage | Element: HiddenBtn
[SELF-HEALING] Action:   click
[SELF-HEALING] Primary:  #brokenHiddenId
[SELF-HEALING] Reason:   locator.click: Timeout 1500ms exceeded.
Call log:
[2m  - waiting for locator('#brokenHiddenId')[22m

[SELF-HEALING Primary locator failed. Evaluating candidate fallbacks...
[SELF-HEALING] Attempt [1/1] via [REPOSITORY] (Confidence: 90%i:
[SELF-HEALING]   Selector: #hiddenButton

[SELF-HEALING] ================================================================
[SELF-HEALING] INITIATING ELEMENT RECOVERY
[SELF-HEALING] ================================================================
[SELF-HEALING] Test:     Playwright Test
[SELF-HEALING] Page:     GenericPage | Element: TimeoutBtn
[SELF-HEALING] Action:   click
[SELF-HEALING] Primary:  #nonExistent1
[SELF-HEALING] Reason:   locator.click: Timeout 1500ms exceeded.
Call log:
[2m  - waiting for locator('#nonExistent1')[22m

[SELF-HEALING Primary locator failed. Evaluating candidate fallbacks...
[SELF-HEALING] Attempt [1/1] via [REPOSITORY] (Confidence: 90%i:
[SELF-HEALING]   Selector: #nonExistent2

[SELF-HEALING] ================================================================
[SELF-HEALING] INITIATING ELEMENT RECOVERY
[SELF-HEALING] ================================================================
[SELF-HEALING] Test:     Playwright Test
[SELF-HEALING] Page:     GenericPage | Element: InvalidLocatorBtn
[SELF-HEALING] Action:   click
[SELF-HEALING] Primary:  ///invalid[[[selector
[SELF-HEALING] Reason:   locator.click: SyntaxError: Failed to execute 'evaluate' on 'Document': The string '///invalid[[[selector' is not a valid XPath expression.
    at Object.queryAll (<anonymous>:6296:25)
    at InjectedScript._queryEngineAll (<anonymous>:6969:49)
    at InjectedScript.querySelectorAll (<anonymous>:6956:30)
    at callMatchedElements (eval at evaluate (:311:30), <anonymous>:2:29)
    at UtilityScript.evaluate (<anonymous>:313:16)
    at UtilityScript.<anonymous> (<anonymous>:1:44)
Call log:
[2m  - waiting for locator('///invalid[[[selector')[22m

[SELF-HEALING Primary locator failed. Evaluating candidate fallbacks...
[SELF-HEALING] Attempt [1/1] via [HISTORY] (Confidence: 99%i:
[SELF-HEALING]   Selector: [data-testid="submit-btn"]
[SELF-HEALING] ================================================================
[SELF-HEALING] SUCCESS: ELEMENT SUCCESSFULLY HEALED!
[SELF-HEALING] ================================================================
[SELF-HEALING] Element:         InvalidLocatorBtn
[SELF-HEALING] Healed Selector: [data-testid="submit-btn"]
[SELF-HEALING] Winning Source:  history
[SELF-HEALING] Confidence:      99%
[SELF-HEALING] Total Attempts:  1
[SELF-HEALING] Continuing test execution normally.
[SELF-HEALING] ================================================================


[SELF-HEALING] ================================================================
[SELF-HEALING] INITIATING ELEMENT RECOVERY
[SELF-HEALING] ================================================================
[SELF-HEALING] Test:     Playwright Test
[SELF-HEALING] Page:     GenericPage | Element: LearnedElement
[SELF-HEALING] Action:   click
[SELF-HEALING] Primary:  #oldPrimary
[SELF-HEALING] Reason:   locator.click: Timeout 1500ms exceeded.
Call log:
[2m  - waiting for locator('#oldPrimary')[22m

[SELF-HEALING Primary locator failed. Evaluating candidate fallbacks...
[SELF-HEALING] Attempt [1/2] via [HISTORY] (Confidence: 99%i:
[SELF-HEALING]   Selector: [data-testid="submit-btn"]
[SELF-HEALING] ================================================================
[SELF-HEALING] SUCCESS: ELEMENT SUCCESSFULLY HEALED!
[SELF-HEALING] ================================================================
[SELF-HEALING] Element:         LearnedElement
[SELF-HEALING] Healed Selector: [data-testid="submit-btn"]
[SELF-HEALING] Winning Source:  history
[SELF-HEALING] Confidence:      99%
[SELF-HEALING] Total Attempts:  1
[SELF-HEALING] Continuing test execution normally.
[SELF-HEALING] ================================================================

]]>
</system-out>
<system-err>
<![CDATA[
[SELF-HEALING] ================================================================
[SELF-HEALING] HEALING EXHAUSTED: ALL CANDIDATES FAILED
[SELF-HEALING] ================================================================
[SELF-HEALING] Element:         AllFailBtn
[SELF-HEALING] Action:          click
[SELF-HEALING] Attempts tried:  2
[SELF-HEALING] Terminal Error:  locator.click: Timeout 1500ms exceeded.
Call log:
[2m  - waiting for locator('#broken1')[22m

[SELF-HEALING] Preserving genuine test failure. Rethrowing.
[SELF-HEALING] ================================================================


[SELF-HEALING] ================================================================
[SELF-HEALING] HEALING EXHAUSTED: ALL CANDIDATES FAILED
[SELF-HEALING] ================================================================
[SELF-HEALING] Element:         AmbiguousBtn
[SELF-HEALING] Action:          click
[SELF-HEALING] Attempts tried:  1
[SELF-HEALING] Terminal Error:  locator.click: Timeout 1500ms exceeded.
Call log:
[2m  - waiting for locator('#nonExistent')[22m

[SELF-HEALING] Preserving genuine test failure. Rethrowing.
[SELF-HEALING] ================================================================


[SELF-HEALING] ================================================================
[SELF-HEALING] HEALING EXHAUSTED: ALL CANDIDATES FAILED
[SELF-HEALING] ================================================================
[SELF-HEALING] Element:         DisabledBtn
[SELF-HEALING] Action:          click
[SELF-HEALING] Attempts tried:  1
[SELF-HEALING] Terminal Error:  locator.click: Timeout 1500ms exceeded.
Call log:
[2m  - waiting for locator('#brokenDisabledId')[22m

[SELF-HEALING] Preserving genuine test failure. Rethrowing.
[SELF-HEALING] ================================================================


[SELF-HEALING] ================================================================
[SELF-HEALING] HEALING EXHAUSTED: ALL CANDIDATES FAILED
[SELF-HEALING] ================================================================
[SELF-HEALING] Element:         HiddenBtn
[SELF-HEALING] Action:          click
[SELF-HEALING] Attempts tried:  1
[SELF-HEALING] Terminal Error:  locator.click: Timeout 1500ms exceeded.
Call log:
[2m  - waiting for locator('#brokenHiddenId')[22m

[SELF-HEALING] Preserving genuine test failure. Rethrowing.
[SELF-HEALING] ================================================================


[SELF-HEALING] ================================================================
[SELF-HEALING] HEALING EXHAUSTED: ALL CANDIDATES FAILED
[SELF-HEALING] ================================================================
[SELF-HEALING] Element:         TimeoutBtn
[SELF-HEALING] Action:          click
[SELF-HEALING] Attempts tried:  1
[SELF-HEALING] Terminal Error:  locator.click: Timeout 1500ms exceeded.
Call log:
[2m  - waiting for locator('#nonExistent1')[22m

[SELF-HEALING] Preserving genuine test failure. Rethrowing.
[SELF-HEALING] ================================================================

]]>
</system-err>
</testcase>
</testsuite>
</testsuites>